 Container real_experiment_bundle-dev-run-84e0bc25d2ce Creating 
 Container real_experiment_bundle-dev-run-84e0bc25d2ce Created 
PAPER1_V5_2_OBSERVABILITY_RATCHETING_DIAGNOSTIC_OK
PSEUDO_RANK= 489
PSEUDO_NULLITY= 2
FULL_GAMMA_ONE_RANK= 491
Q_POSITIVE_DEFINITE=True
Q_RMS_INCREMENT= 0.03596661362814668
Q_NULLSPACE_EIGENVALUES= [1.3175000049536453e-07, 1.321765671540866e-07]
Q_AUGMENTED_FULL_CONDITION= 414.61058976272216
BOOTSTRAP_STEP= 12
ACCEPTED_COUNT= 3288
RELIABLE_COUNT= 10236
JUMP_LIMIT_TO_Q_RMS_RATIO= 616.0857965460381
CANDIDATE_TO_BOOTSTRAP_RATIO= {"count": 10236, "maximum": 29.714625518246287, "median": 16.048694778691313, "minimum": 1.0, "p90": 19.185987459880415, "p99": 28.30385719844484}
ACCEPTED_MOVES_AWAY= 2332
ACCEPTED_MOVES_TOWARD= 956
TRANSITION_MISMATCH_COUNT= 0
CLASSIFICATION=PSEUDO_NULLSPACE_PLUS_REANCHORING_RATCHET
V5_2_ESTIMATOR=Q_CENTERED_AUGMENTED_INNOVATION_LSTSQ
PERFORMANCE_OUTCOME_COLUMNS_READ=False
PERFORMANCE_OUTCOMES_INSPECTED=False
REPORT= /workspace/paper1_v5_2_repair/v5_2_observability_ratcheting_diagnostic.json
REPORT_SHA256= deb3a8b15d8f6bf2cf942e06d45404b6c5459db783c293d375ec0421a7c21ab2
PAPER1_V5_2_ROOT_CAUSE_DIAGNOSTIC_COMPLETE
