 Container real_experiment_bundle-dev-run-331bab747573 Creating 
 Container real_experiment_bundle-dev-run-331bab747573 Created 
pseudo_only_bootstrap_rejected PASS
first_measurement_full_rank_bootstrap_accepted PASS
pseudo_only_postbootstrap_is_explicit_hold PASS
small_network_supported_q_update_accepted PASS
catastrophic_process_coordinate_update_rejected PASS
step_schema_complete PASS
event_schema_complete PASS
publication_schema_complete PASS
publication_fields_read_from_step_row PASS
prior_and_process_guard_wiring_present PASS
PAPER1_V5_2_TWIN_INTEGRATION_TESTS_OK
TESTS_PASSED= 10
TESTS_FAILED=0
TRUST_CANDIDATE_SHA256= 936dd373a2d8a2f0b905604ca4c3de61ec2cc889ba233aa150a24f44f2926fe6
TWIN_CANDIDATE_SHA256= 9cd9ffaa32dcfe2f12ed161a8d62d2d97b2ab0b4d462fda0e97e7f46572043a4
REPORT_SHA256= 00e56b05edd24581ebef8daecaff9eed0acbbeae41029f43d97921823b4903a8
ESTIMATOR_MODE=q_prior_innovation_after_measurement_bootstrap
PROCESS_GUARD_POLICY=q_process_mahalanobis
PROCESS_GUARD_LIMIT_SOURCE=existing_hold_factor_dimensionless
LEGACY_EUCLIDEAN_JUMP_GUARD_ACTIVE=False
LIVE_FILES_MODIFIED=False
SIMULATION_RERUN=False
PERFORMANCE_OUTCOME_COLUMNS_READ=False
PERFORMANCE_OUTCOMES_INSPECTED=False
PAPER1_V5_2_INTEGRATED_CANDIDATE_READY_FOR_INSTALL_REVIEW
